Hitachi Optimizing Linkage Editor (Ver. 7.1.03.000)14-Jun-2020 13:18:50

*** Options ***

-subcommand=C:\Users\Luca\AppData\Local\Temp\hmkA741.tmp
noprelink
sdebug
rom D=R
nomessage
list "C:\Users\Luca\Desktop\Abschlussprüfung\Debug\FXADDINror.map"
show symbol
nooptimize
start P_TOP,P,C,D,C$VTBL,C$INIT/0300200,B_BR_Size,B,R/08100000
fsymbol P
nologo
input "C:\Users\Luca\Desktop\Abschlussprüfung\Debug\15062020.obj"
input "C:\Program Files\CASIO\fx-9860G SDK\OS\FX\lib\setup.obj"
library "C:\Program Files\CASIO\fx-9860G SDK\OS\FX\lib\fx9860G_library.lib"
output "C:\Users\Luca\Desktop\Abschlussprüfung\Debug\FXADDINror.abs"
-nomessage=1100
end

*** Error information ***

*** Mapping List ***

SECTION                            START      END         SIZE   ALIGN

P_TOP
                                  00300200  0030020b         c   4
P
                                  0030020c  00301f3b      1d30   4
C
                                  00301f3c  00302bd7       c9c   4
D
                                  00302bd8  00302bdf         8   4
B_BR_Size
                                  08100000  08100003         4   4
B
                                  08100004  08100007         4   4
R
                                  08100008  0810000f         8   4

*** Symbol List ***

SECTION=
FILE=                               START        END    SIZE
  SYMBOL                            ADDR        SIZE    INFO      COUNTS  OPT

SECTION=P_TOP
FILE=C:\Users\Luca\Desktop\Abschlussprüfung\Debug\15062020.obj
                                  00300200  0030020b         c
  _InitializeSystem
                                  00300200         c   func ,g         * 

SECTION=P
FILE=C:\Users\Luca\Desktop\Abschlussprüfung\Debug\15062020.obj
                                  0030020c  00301877      166c
  _AddIn_main
                                  0030020c        28   func ,g         * 
  _firstMenu
                                  00300234       144   func ,g         * 
  _drm
                                  00300378       220   func ,g         * 
  _lf1menu
                                  00300598       13a   func ,g         * 
  _lf1menuitem1
                                  003006d2        76   func ,g         * 
  _lf1menuitem2
                                  00300748        dc   func ,g         * 
  _lf1menuitem2_1
                                  00300824        88   func ,g         * 
  _lf1menuitem3
                                  003008ac        d0   func ,g         * 
  _lf1menuitem4
                                  0030097c        c8   func ,g         * 
  _lf1menuitem4_1
                                  00300a44        c8   func ,g         * 
  _lf1menuitem4_2
                                  00300b0c        d8   func ,g         * 
  _lf1menuitem4_3
                                  00300be4        c8   func ,g         * 
  _lf1menuitem4_4
                                  00300cac        88   func ,g         * 
  _lf1menuitem5
                                  00300d34        e4   func ,g         * 
  _lf1menuitem5_1
                                  00300e18        c8   func ,g         * 
  _lf1menuitem5_2
                                  00300ee0        b8   func ,g         * 
  _lf2menu
                                  00300f98       128   func ,g         * 
  _lf2menuitem1
                                  003010c0        b8   func ,g         * 
  _lf2menuitem1_1
                                  00301178        c8   func ,g         * 
  _lf2menuitem1_2
                                  00301240        c8   func ,g         * 
  _lf2menuitem1_3
                                  00301308        94   func ,g         * 
  _lf2menuitem2
                                  0030139c        c4   func ,g         * 
  _lf2menuitem3
                                  00301460        76   func ,g         * 
  _lf2menuitem4
                                  003014d6        d2   func ,g         * 
  _lf2menuitem4_1
                                  003015a8        b8   func ,g         * 
  _lf2menuitem4_2
                                  00301660        d8   func ,g         * 
  _lf2menuitem4_3
                                  00301738        74   func ,g         * 
  _lf2menuitem4_4
                                  003017ac        cc   func ,g         * 
FILE=C:\Program Files\CASIO\fx-9860G SDK\OS\FX\lib\setup.obj
                                  00301878  00301993       11c
  ___LINK_PROTECT
                                  00301878         4   func ,g         * 
  _SetQuitHandler
                                  0030187c         6   func ,g         * 
  _OnAppCloseDefault
                                  00301882        54   func ,g         * 
  __INITSCT_ADDIN
                                  003018d6        48   func ,g         * 
  _INIT_ADDIN_APPLICATION
                                  0030191e        76   func ,g         * 
FILE=__q_fmvn
                                  00301994  00301a37        a4
  __quick_evn_mvn
                                  00301994         0   none ,g         * 
  __quick_odd_mvn
                                  003019a0         0   none ,g         * 
  A_FMVN_TBL
                                  003019ac         0   none ,l         * 
  FMVN_64
                                  003019b2         0   none ,l         * 
  FMVN_60
                                  003019b6         0   none ,l         * 
  FMVN_56
                                  003019ba         0   none ,l         * 
  FMVN_52
                                  003019be         0   none ,l         * 
  FMVN_48
                                  003019c2         0   none ,l         * 
  FMVN_44
                                  003019c6         0   none ,l         * 
  FMVN_40
                                  003019ca         0   none ,l         * 
  FMVN_36
                                  003019ce         0   none ,l         * 
  FMVN_32
                                  003019d2         0   none ,l         * 
  FMVN_28
                                  003019d6         0   none ,l         * 
  FMVN_24
                                  003019da         0   none ,l         * 
  FMVN_20
                                  003019de         0   none ,l         * 
  FMVN_16
                                  003019e2         0   none ,l         * 
  FMVN_12
                                  003019e6         0   none ,l         * 
  FMVN_8
                                  003019ea         0   none ,l         * 
  FMVN_4
                                  003019ee         0   none ,l         * 
  FMVN_0
                                  003019f0         0   none ,l         * 
  FMVN_TBL
                                  003019f4         0   none ,l         * 
FILE=_Bdel_cychdr
                                  00301a38  00301a47        10
  _Bdel_cychdr
                                  00301a38         0   none ,g         * 
FILE=_Bdisp_AllClr_DDVRAM
                                  00301a48  00301a57        10
  _Bdisp_AllClr_DDVRAM
                                  00301a48         0   none ,g         * 
FILE=_BfileFLS_CloseFile
                                  00301a58  00301a67        10
  _BfileFLS_CloseFile
                                  00301a58         0   none ,g         * 
FILE=_Bkey_Set_RepeatTime_Default
                                  00301a68  00301a77        10
  _Bkey_Set_RepeatTime_Default
                                  00301a68         0   none ,g         * 
FILE=_CallbackAtQuitMainFunction
                                  00301a78  00301a87        10
  _CallbackAtQuitMainFunction
                                  00301a78         0   none ,g         * 
FILE=_flsFindClose
                                  00301a88  00301a97        10
  _flsFindClose
                                  00301a88         0   none ,g         * 
FILE=_getkey
                                  00301a98  00301aa7        10
  _GetKey
                                  00301a98         0   none ,g         * 
FILE=_GLibAddinAplExecutionCheck
                                  00301aa8  00301ab7        10
  _GLibAddinAplExecutionCheck
                                  00301aa8         0   none ,g         * 
FILE=_Hmem_SetMMU
                                  00301ab8  00301ac7        10
  _Hmem_SetMMU
                                  00301ab8         0   none ,g         * 
FILE=_Print
                                  00301ac8  00301ad7        10
  _Print
                                  00301ac8         0   none ,g         * 
FILE=dispbios
                                  00301ad8  00301c4d       176
  _PrintMini
                                  00301ad8        1c   func ,g         * 
  _locate
                                  00301af4        28   func ,g         * 
  _Bdisp_ReadArea_DD
                                  00301b1c       132   func ,g         * 
FILE=timer
                                  00301c50  00301d4f       100
  _GetSDKLibraryVersion
                                  00301c50         6   func ,g         * 
  _SetTimer
                                  00301c56        54   func ,g         * 
  _KillTimer
                                  00301caa        44   func ,g         * 
  _Sleep
                                  00301cee        62   func ,g         * 
FILE=__divls
                                  00301d50  00301e03        b4
  __divls
                                  00301d50         0   none ,g         * 
  divls_zero
                                  00301dee         0   none ,l         * 
  A_errno
                                  00301dfc         0   none ,l         * 
  n_zerono
                                  00301e00         0   none ,l         * 
FILE=__modls
                                  00301e04  00301ecb        c8
  __modls
                                  00301e04         0   none ,g         * 
  modls_L
                                  00301eaa         0   none ,l         * 
  modls_zero
                                  00301eb6         0   none ,l         * 
  A_errno
                                  00301ec4         0   none ,l         * 
  n_zerono
                                  00301ec8         0   none ,l         * 
FILE=_Bcre_cychdr
                                  00301ecc  00301edb        10
  _Bcre_cychdr
                                  00301ecc         0   none ,g         * 
FILE=_BSrl_DummyWAIT
                                  00301edc  00301eeb        10
  _BSrl_DummyWAIT
                                  00301edc         0   none ,g         * 
FILE=_Bsta_cychdr
                                  00301eec  00301efb        10
  _Bsta_cychdr
                                  00301eec         0   none ,g         * 
FILE=_Bstp_cychdr
                                  00301efc  00301f0b        10
  _Bstp_cychdr
                                  00301efc         0   none ,g         * 
FILE=_DD_GET
                                  00301f0c  00301f1b        10
  _DD_GET
                                  00301f0c         0   none ,g         * 
FILE=_locate
                                  00301f1c  00301f2b        10
  _locate_OS
                                  00301f1c         0   none ,g         * 
FILE=_PrintMiniSd
                                  00301f2c  00301f3b        10
  _PrintMiniSd
                                  00301f2c         0   none ,g         * 

SECTION=C
FILE=addin_sct
                                  00302bc4  00302bd7        14
  _B_BGN
                                  00302bc4         0   none ,g         * 
  _B_END
                                  00302bc8         0   none ,g         * 
  _R_BGN
                                  00302bcc         0   none ,g         * 
  _R_END
                                  00302bd0         0   none ,g         * 
  _D_ROM
                                  00302bd4         0   none ,g         * 

SECTION=B_BR_Size
FILE=C:\Users\Luca\Desktop\Abschlussprüfung\Debug\15062020.obj
                                  08100000  08100003         4
  _BR_Size
                                  08100000         4   data ,g         * 

SECTION=B
FILE=_errno
                                  08100004  08100007         4
  __errno
                                  08100004         4   data ,g         * 

SECTION=R
FILE=C:\Users\Luca\Desktop\Abschlussprüfung\Debug\15062020.obj
                                  08100008  0810000b         4
  _drmCheck
                                  08100008         4   data ,g         * 
FILE=C:\Program Files\CASIO\fx-9860G SDK\OS\FX\lib\setup.obj
                                  0810000c  0810000f         4
  _gb_OnAppClose
                                  0810000c         4   data ,g         * 

Absolute value symbols
FILE=_Bdel_cychdr
  __JumpTableTOP
                                  80010070         0   none ,l         * 
FILE=_Bdisp_AllClr_DDVRAM
  __JumpTableTOP
                                  80010070         0   none ,l         * 
FILE=_BfileFLS_CloseFile
  __JumpTableTOP
                                  80010070         0   none ,l         * 
FILE=_Bkey_Set_RepeatTime_Default
  __JumpTableTOP
                                  80010070         0   none ,l         * 
FILE=_CallbackAtQuitMainFunction
  __JumpTableTOP
                                  80010070         0   none ,l         * 
FILE=_flsFindClose
  __JumpTableTOP
                                  80010070         0   none ,l         * 
FILE=_getkey
  __JumpTableTOP
                                  80010070         0   none ,l         * 
FILE=_GLibAddinAplExecutionCheck
  __JumpTableTOP
                                  80010070         0   none ,l         * 
FILE=_Hmem_SetMMU
  __JumpTableTOP
                                  80010070         0   none ,l         * 
FILE=_Print
  __JumpTableTOP
                                  80010070         0   none ,l         * 
FILE=__divls
  zerodiv
                                  0000044e         0   none ,l         * 
FILE=__modls
  zerodiv
                                  0000044e         0   none ,l         * 
FILE=_Bcre_cychdr
  __JumpTableTOP
                                  80010070         0   none ,l         * 
FILE=_BSrl_DummyWAIT
  __JumpTableTOP
                                  80010070         0   none ,l         * 
FILE=_Bsta_cychdr
  __JumpTableTOP
                                  80010070         0   none ,l         * 
FILE=_Bstp_cychdr
  __JumpTableTOP
                                  80010070         0   none ,l         * 
FILE=_DD_GET
  __JumpTableTOP
                                  80010070         0   none ,l         * 
FILE=_locate
  __JumpTableTOP
                                  80010070         0   none ,l         * 
FILE=_PrintMiniSd
  __JumpTableTOP
                                  80010070         0   none ,l         * 

*** Delete Symbols ***

SYMBOL                                SIZE    INFO

*** Variable Accessible with Abs8 ***

SYMBOL                                SIZE    COUNTS  OPTIMIZE

*** Variable Accessible with Abs16 ***

SYMBOL                                SIZE    COUNTS  OPTIMIZE

*** Function Call ***

SYMBOL                              COUNTS  OPTIMIZE
