Hitachi Optimizing Linkage Editor (Ver. 7.1.03.000)14-Jun-2020 17:51:44

*** Options ***

-subcommand=C:\Users\Luca\AppData\Local\Temp\hmkABD8.tmp
noprelink
sdebug
rom D=R
nomessage
list "C:\Users\Luca\Desktop\Abschlussprüfung\Debug\FXADDINror.map"
show symbol
nooptimize
start P_TOP,P,C,D,C$VTBL,C$INIT/0300200,B_BR_Size,B,R/08100000
fsymbol P
nologo
input "C:\Users\Luca\Desktop\Abschlussprüfung\Debug\15062020.obj"
input "C:\Program Files\CASIO\fx-9860G SDK\OS\FX\lib\setup.obj"
library "C:\Program Files\CASIO\fx-9860G SDK\OS\FX\lib\fx9860G_library.lib"
output "C:\Users\Luca\Desktop\Abschlussprüfung\Debug\FXADDINror.abs"
-nomessage=1100
end

*** Error information ***

*** Mapping List ***

SECTION                            START      END         SIZE   ALIGN

P_TOP
                                  00300200  0030020b         c   4
P
                                  0030020c  003024c3      22b8   4
C
                                  003024c4  00303543      1080   4
D
                                  00303544  0030354b         8   4
B_BR_Size
                                  08100000  08100003         4   4
B
                                  08100004  08100007         4   4
R
                                  08100008  0810000f         8   4

*** Symbol List ***

SECTION=
FILE=                               START        END    SIZE
  SYMBOL                            ADDR        SIZE    INFO      COUNTS  OPT

SECTION=P_TOP
FILE=C:\Users\Luca\Desktop\Abschlussprüfung\Debug\15062020.obj
                                  00300200  0030020b         c
  _InitializeSystem
                                  00300200         c   func ,g         * 

SECTION=P
FILE=C:\Users\Luca\Desktop\Abschlussprüfung\Debug\15062020.obj
                                  0030020c  00301dff      1bf4
  _AddIn_main
                                  0030020c        28   func ,g         * 
  _firstMenu
                                  00300234       13c   func ,g         * 
  _drm
                                  00300370       220   func ,g         * 
  _lf1menu
                                  00300590       13a   func ,g         * 
  _lf1menuitem1
                                  003006ca        76   func ,g         * 
  _lf1menuitem2
                                  00300740        dc   func ,g         * 
  _lf1menuitem2_1
                                  0030081c        88   func ,g         * 
  _lf1menuitem3
                                  003008a4        d0   func ,g         * 
  _lf1menuitem4
                                  00300974        c8   func ,g         * 
  _lf1menuitem4_1
                                  00300a3c        c8   func ,g         * 
  _lf1menuitem4_2
                                  00300b04        d8   func ,g         * 
  _lf1menuitem4_3
                                  00300bdc        c8   func ,g         * 
  _lf1menuitem4_4
                                  00300ca4        88   func ,g         * 
  _lf1menuitem5
                                  00300d2c        e4   func ,g         * 
  _lf1menuitem5_1
                                  00300e10        c8   func ,g         * 
  _lf1menuitem5_2
                                  00300ed8        b8   func ,g         * 
  _lf2menu
                                  00300f90       128   func ,g         * 
  _lf2menuitem1
                                  003010b8        b8   func ,g         * 
  _lf2menuitem1_1
                                  00301170        c8   func ,g         * 
  _lf2menuitem1_2
                                  00301238        c8   func ,g         * 
  _lf2menuitem1_3
                                  00301300        94   func ,g         * 
  _lf2menuitem2
                                  00301394        c4   func ,g         * 
  _lf2menuitem3
                                  00301458        76   func ,g         * 
  _lf2menuitem4
                                  003014ce        d2   func ,g         * 
  _lf2menuitem4_1
                                  003015a0        b8   func ,g         * 
  _lf2menuitem4_2
                                  00301658        d8   func ,g         * 
  _lf2menuitem4_3
                                  00301730        74   func ,g         * 
  _lf2menuitem4_4
                                  003017a4        cc   func ,g         * 
  _lf3list
                                  00301870        bc   func ,g         * 
  _lf3list_1
                                  0030192c        d0   func ,g         * 
  _lf3list_2
                                  003019fc        d0   func ,g         * 
  _lf3list_3
                                  00301acc        8a   func ,g         * 
  _lf4list
                                  00301b56        da   func ,g         * 
  _lf4list_1
                                  00301c30        76   func ,g         * 
  _lf4list_2
                                  00301ca6        be   func ,g         * 
  _lf4list_3
                                  00301d64        9c   func ,g         * 
FILE=C:\Program Files\CASIO\fx-9860G SDK\OS\FX\lib\setup.obj
                                  00301e00  00301f1b       11c
  ___LINK_PROTECT
                                  00301e00         4   func ,g         * 
  _SetQuitHandler
                                  00301e04         6   func ,g         * 
  _OnAppCloseDefault
                                  00301e0a        54   func ,g         * 
  __INITSCT_ADDIN
                                  00301e5e        48   func ,g         * 
  _INIT_ADDIN_APPLICATION
                                  00301ea6        76   func ,g         * 
FILE=__q_fmvn
                                  00301f1c  00301fbf        a4
  __quick_evn_mvn
                                  00301f1c         0   none ,g         * 
  __quick_odd_mvn
                                  00301f28         0   none ,g         * 
  A_FMVN_TBL
                                  00301f34         0   none ,l         * 
  FMVN_64
                                  00301f3a         0   none ,l         * 
  FMVN_60
                                  00301f3e         0   none ,l         * 
  FMVN_56
                                  00301f42         0   none ,l         * 
  FMVN_52
                                  00301f46         0   none ,l         * 
  FMVN_48
                                  00301f4a         0   none ,l         * 
  FMVN_44
                                  00301f4e         0   none ,l         * 
  FMVN_40
                                  00301f52         0   none ,l         * 
  FMVN_36
                                  00301f56         0   none ,l         * 
  FMVN_32
                                  00301f5a         0   none ,l         * 
  FMVN_28
                                  00301f5e         0   none ,l         * 
  FMVN_24
                                  00301f62         0   none ,l         * 
  FMVN_20
                                  00301f66         0   none ,l         * 
  FMVN_16
                                  00301f6a         0   none ,l         * 
  FMVN_12
                                  00301f6e         0   none ,l         * 
  FMVN_8
                                  00301f72         0   none ,l         * 
  FMVN_4
                                  00301f76         0   none ,l         * 
  FMVN_0
                                  00301f78         0   none ,l         * 
  FMVN_TBL
                                  00301f7c         0   none ,l         * 
FILE=_Bdel_cychdr
                                  00301fc0  00301fcf        10
  _Bdel_cychdr
                                  00301fc0         0   none ,g         * 
FILE=_Bdisp_AllClr_DDVRAM
                                  00301fd0  00301fdf        10
  _Bdisp_AllClr_DDVRAM
                                  00301fd0         0   none ,g         * 
FILE=_BfileFLS_CloseFile
                                  00301fe0  00301fef        10
  _BfileFLS_CloseFile
                                  00301fe0         0   none ,g         * 
FILE=_Bkey_Set_RepeatTime_Default
                                  00301ff0  00301fff        10
  _Bkey_Set_RepeatTime_Default
                                  00301ff0         0   none ,g         * 
FILE=_CallbackAtQuitMainFunction
                                  00302000  0030200f        10
  _CallbackAtQuitMainFunction
                                  00302000         0   none ,g         * 
FILE=_flsFindClose
                                  00302010  0030201f        10
  _flsFindClose
                                  00302010         0   none ,g         * 
FILE=_getkey
                                  00302020  0030202f        10
  _GetKey
                                  00302020         0   none ,g         * 
FILE=_GLibAddinAplExecutionCheck
                                  00302030  0030203f        10
  _GLibAddinAplExecutionCheck
                                  00302030         0   none ,g         * 
FILE=_Hmem_SetMMU
                                  00302040  0030204f        10
  _Hmem_SetMMU
                                  00302040         0   none ,g         * 
FILE=_Print
                                  00302050  0030205f        10
  _Print
                                  00302050         0   none ,g         * 
FILE=dispbios
                                  00302060  003021d5       176
  _PrintMini
                                  00302060        1c   func ,g         * 
  _locate
                                  0030207c        28   func ,g         * 
  _Bdisp_ReadArea_DD
                                  003020a4       132   func ,g         * 
FILE=timer
                                  003021d8  003022d7       100
  _GetSDKLibraryVersion
                                  003021d8         6   func ,g         * 
  _SetTimer
                                  003021de        54   func ,g         * 
  _KillTimer
                                  00302232        44   func ,g         * 
  _Sleep
                                  00302276        62   func ,g         * 
FILE=__divls
                                  003022d8  0030238b        b4
  __divls
                                  003022d8         0   none ,g         * 
  divls_zero
                                  00302376         0   none ,l         * 
  A_errno
                                  00302384         0   none ,l         * 
  n_zerono
                                  00302388         0   none ,l         * 
FILE=__modls
                                  0030238c  00302453        c8
  __modls
                                  0030238c         0   none ,g         * 
  modls_L
                                  00302432         0   none ,l         * 
  modls_zero
                                  0030243e         0   none ,l         * 
  A_errno
                                  0030244c         0   none ,l         * 
  n_zerono
                                  00302450         0   none ,l         * 
FILE=_Bcre_cychdr
                                  00302454  00302463        10
  _Bcre_cychdr
                                  00302454         0   none ,g         * 
FILE=_BSrl_DummyWAIT
                                  00302464  00302473        10
  _BSrl_DummyWAIT
                                  00302464         0   none ,g         * 
FILE=_Bsta_cychdr
                                  00302474  00302483        10
  _Bsta_cychdr
                                  00302474         0   none ,g         * 
FILE=_Bstp_cychdr
                                  00302484  00302493        10
  _Bstp_cychdr
                                  00302484         0   none ,g         * 
FILE=_DD_GET
                                  00302494  003024a3        10
  _DD_GET
                                  00302494         0   none ,g         * 
FILE=_locate
                                  003024a4  003024b3        10
  _locate_OS
                                  003024a4         0   none ,g         * 
FILE=_PrintMiniSd
                                  003024b4  003024c3        10
  _PrintMiniSd
                                  003024b4         0   none ,g         * 

SECTION=C
FILE=addin_sct
                                  00303530  00303543        14
  _B_BGN
                                  00303530         0   none ,g         * 
  _B_END
                                  00303534         0   none ,g         * 
  _R_BGN
                                  00303538         0   none ,g         * 
  _R_END
                                  0030353c         0   none ,g         * 
  _D_ROM
                                  00303540         0   none ,g         * 

SECTION=B_BR_Size
FILE=C:\Users\Luca\Desktop\Abschlussprüfung\Debug\15062020.obj
                                  08100000  08100003         4
  _BR_Size
                                  08100000         4   data ,g         * 

SECTION=B
FILE=_errno
                                  08100004  08100007         4
  __errno
                                  08100004         4   data ,g         * 

SECTION=R
FILE=C:\Users\Luca\Desktop\Abschlussprüfung\Debug\15062020.obj
                                  08100008  0810000b         4
  _drmCheck
                                  08100008         4   data ,g         * 
FILE=C:\Program Files\CASIO\fx-9860G SDK\OS\FX\lib\setup.obj
                                  0810000c  0810000f         4
  _gb_OnAppClose
                                  0810000c         4   data ,g         * 

Absolute value symbols
FILE=_Bdel_cychdr
  __JumpTableTOP
                                  80010070         0   none ,l         * 
FILE=_Bdisp_AllClr_DDVRAM
  __JumpTableTOP
                                  80010070         0   none ,l         * 
FILE=_BfileFLS_CloseFile
  __JumpTableTOP
                                  80010070         0   none ,l         * 
FILE=_Bkey_Set_RepeatTime_Default
  __JumpTableTOP
                                  80010070         0   none ,l         * 
FILE=_CallbackAtQuitMainFunction
  __JumpTableTOP
                                  80010070         0   none ,l         * 
FILE=_flsFindClose
  __JumpTableTOP
                                  80010070         0   none ,l         * 
FILE=_getkey
  __JumpTableTOP
                                  80010070         0   none ,l         * 
FILE=_GLibAddinAplExecutionCheck
  __JumpTableTOP
                                  80010070         0   none ,l         * 
FILE=_Hmem_SetMMU
  __JumpTableTOP
                                  80010070         0   none ,l         * 
FILE=_Print
  __JumpTableTOP
                                  80010070         0   none ,l         * 
FILE=__divls
  zerodiv
                                  0000044e         0   none ,l         * 
FILE=__modls
  zerodiv
                                  0000044e         0   none ,l         * 
FILE=_Bcre_cychdr
  __JumpTableTOP
                                  80010070         0   none ,l         * 
FILE=_BSrl_DummyWAIT
  __JumpTableTOP
                                  80010070         0   none ,l         * 
FILE=_Bsta_cychdr
  __JumpTableTOP
                                  80010070         0   none ,l         * 
FILE=_Bstp_cychdr
  __JumpTableTOP
                                  80010070         0   none ,l         * 
FILE=_DD_GET
  __JumpTableTOP
                                  80010070         0   none ,l         * 
FILE=_locate
  __JumpTableTOP
                                  80010070         0   none ,l         * 
FILE=_PrintMiniSd
  __JumpTableTOP
                                  80010070         0   none ,l         * 

*** Delete Symbols ***

SYMBOL                                SIZE    INFO

*** Variable Accessible with Abs8 ***

SYMBOL                                SIZE    COUNTS  OPTIMIZE

*** Variable Accessible with Abs16 ***

SYMBOL                                SIZE    COUNTS  OPTIMIZE

*** Function Call ***

SYMBOL                              COUNTS  OPTIMIZE
