Hitachi Optimizing Linkage Editor (Ver. 7.1.03.000)14-Jun-2020 20:28:05

*** Options ***

-subcommand=C:\Users\Luca\AppData\Local\Temp\hmkD179.tmp
noprelink
sdebug
rom D=R
nomessage
list "C:\Users\Luca\Desktop\Abschlussprüfung\Debug\FXADDINror.map"
show symbol
nooptimize
start P_TOP,P,C,D,C$VTBL,C$INIT/0300200,B_BR_Size,B,R/08100000
fsymbol P
nologo
input "C:\Users\Luca\Desktop\Abschlussprüfung\Debug\15062020.obj"
input "C:\Program Files\CASIO\fx-9860G SDK\OS\FX\lib\setup.obj"
library "C:\Program Files\CASIO\fx-9860G SDK\OS\FX\lib\fx9860G_library.lib"
output "C:\Users\Luca\Desktop\Abschlussprüfung\Debug\FXADDINror.abs"
-nomessage=1100
end

*** Error information ***

*** Mapping List ***

SECTION                            START      END         SIZE   ALIGN

P_TOP
                                  00300200  0030020b         c   4
P
                                  0030020c  00302557      234c   4
C
                                  00302558  00303653      10fc   4
D
                                  00303654  0030365b         8   4
B_BR_Size
                                  08100000  08100003         4   4
B
                                  08100004  08100007         4   4
R
                                  08100008  0810000f         8   4

*** Symbol List ***

SECTION=
FILE=                               START        END    SIZE
  SYMBOL                            ADDR        SIZE    INFO      COUNTS  OPT

SECTION=P_TOP
FILE=C:\Users\Luca\Desktop\Abschlussprüfung\Debug\15062020.obj
                                  00300200  0030020b         c
  _InitializeSystem
                                  00300200         c   func ,g         * 

SECTION=P
FILE=C:\Users\Luca\Desktop\Abschlussprüfung\Debug\15062020.obj
                                  0030020c  00301e93      1c88
  _AddIn_main
                                  0030020c        28   func ,g         * 
  _firstMenu
                                  00300234       13c   func ,g         * 
  _drm
                                  00300370       220   func ,g         * 
  _lf1menu
                                  00300590       13a   func ,g         * 
  _lf1menuitem1
                                  003006ca        76   func ,g         * 
  _lf1menuitem2
                                  00300740        dc   func ,g         * 
  _lf1menuitem2_1
                                  0030081c        88   func ,g         * 
  _lf1menuitem3
                                  003008a4        d0   func ,g         * 
  _lf1menuitem4
                                  00300974        c8   func ,g         * 
  _lf1menuitem4_1
                                  00300a3c        c8   func ,g         * 
  _lf1menuitem4_2
                                  00300b04        d8   func ,g         * 
  _lf1menuitem4_3
                                  00300bdc        c8   func ,g         * 
  _lf1menuitem4_4
                                  00300ca4        88   func ,g         * 
  _lf1menuitem5
                                  00300d2c        e4   func ,g         * 
  _lf1menuitem5_1
                                  00300e10        c8   func ,g         * 
  _lf1menuitem5_2
                                  00300ed8        b8   func ,g         * 
  _lf2menu
                                  00300f90       128   func ,g         * 
  _lf2menuitem1
                                  003010b8        b8   func ,g         * 
  _lf2menuitem1_1
                                  00301170        c8   func ,g         * 
  _lf2menuitem1_2
                                  00301238        c8   func ,g         * 
  _lf2menuitem1_3
                                  00301300        94   func ,g         * 
  _lf2menuitem2
                                  00301394        c4   func ,g         * 
  _lf2menuitem3
                                  00301458        76   func ,g         * 
  _lf2menuitem4
                                  003014ce        d2   func ,g         * 
  _lf2menuitem4_1
                                  003015a0        b8   func ,g         * 
  _lf2menuitem4_2
                                  00301658        d8   func ,g         * 
  _lf2menuitem4_3
                                  00301730        74   func ,g         * 
  _lf2menuitem4_4
                                  003017a4        cc   func ,g         * 
  _lf3list
                                  00301870        bc   func ,g         * 
  _lf3list_1
                                  0030192c        d0   func ,g         * 
  _lf3list_2
                                  003019fc        d0   func ,g         * 
  _lf3list_3
                                  00301acc        8a   func ,g         * 
  _lf4list
                                  00301b56        da   func ,g         * 
  _lf4list_1
                                  00301c30        76   func ,g         * 
  _lf4list_2
                                  00301ca6        be   func ,g         * 
  _lf4list_3
                                  00301d64        72   func ,g         * 
  _lf5list
                                  00301dd6        be   func ,g         * 
FILE=C:\Program Files\CASIO\fx-9860G SDK\OS\FX\lib\setup.obj
                                  00301e94  00301faf       11c
  ___LINK_PROTECT
                                  00301e94         4   func ,g         * 
  _SetQuitHandler
                                  00301e98         6   func ,g         * 
  _OnAppCloseDefault
                                  00301e9e        54   func ,g         * 
  __INITSCT_ADDIN
                                  00301ef2        48   func ,g         * 
  _INIT_ADDIN_APPLICATION
                                  00301f3a        76   func ,g         * 
FILE=__q_fmvn
                                  00301fb0  00302053        a4
  __quick_evn_mvn
                                  00301fb0         0   none ,g         * 
  __quick_odd_mvn
                                  00301fbc         0   none ,g         * 
  A_FMVN_TBL
                                  00301fc8         0   none ,l         * 
  FMVN_64
                                  00301fce         0   none ,l         * 
  FMVN_60
                                  00301fd2         0   none ,l         * 
  FMVN_56
                                  00301fd6         0   none ,l         * 
  FMVN_52
                                  00301fda         0   none ,l         * 
  FMVN_48
                                  00301fde         0   none ,l         * 
  FMVN_44
                                  00301fe2         0   none ,l         * 
  FMVN_40
                                  00301fe6         0   none ,l         * 
  FMVN_36
                                  00301fea         0   none ,l         * 
  FMVN_32
                                  00301fee         0   none ,l         * 
  FMVN_28
                                  00301ff2         0   none ,l         * 
  FMVN_24
                                  00301ff6         0   none ,l         * 
  FMVN_20
                                  00301ffa         0   none ,l         * 
  FMVN_16
                                  00301ffe         0   none ,l         * 
  FMVN_12
                                  00302002         0   none ,l         * 
  FMVN_8
                                  00302006         0   none ,l         * 
  FMVN_4
                                  0030200a         0   none ,l         * 
  FMVN_0
                                  0030200c         0   none ,l         * 
  FMVN_TBL
                                  00302010         0   none ,l         * 
FILE=_Bdel_cychdr
                                  00302054  00302063        10
  _Bdel_cychdr
                                  00302054         0   none ,g         * 
FILE=_Bdisp_AllClr_DDVRAM
                                  00302064  00302073        10
  _Bdisp_AllClr_DDVRAM
                                  00302064         0   none ,g         * 
FILE=_BfileFLS_CloseFile
                                  00302074  00302083        10
  _BfileFLS_CloseFile
                                  00302074         0   none ,g         * 
FILE=_Bkey_Set_RepeatTime_Default
                                  00302084  00302093        10
  _Bkey_Set_RepeatTime_Default
                                  00302084         0   none ,g         * 
FILE=_CallbackAtQuitMainFunction
                                  00302094  003020a3        10
  _CallbackAtQuitMainFunction
                                  00302094         0   none ,g         * 
FILE=_flsFindClose
                                  003020a4  003020b3        10
  _flsFindClose
                                  003020a4         0   none ,g         * 
FILE=_getkey
                                  003020b4  003020c3        10
  _GetKey
                                  003020b4         0   none ,g         * 
FILE=_GLibAddinAplExecutionCheck
                                  003020c4  003020d3        10
  _GLibAddinAplExecutionCheck
                                  003020c4         0   none ,g         * 
FILE=_Hmem_SetMMU
                                  003020d4  003020e3        10
  _Hmem_SetMMU
                                  003020d4         0   none ,g         * 
FILE=_Print
                                  003020e4  003020f3        10
  _Print
                                  003020e4         0   none ,g         * 
FILE=dispbios
                                  003020f4  00302269       176
  _PrintMini
                                  003020f4        1c   func ,g         * 
  _locate
                                  00302110        28   func ,g         * 
  _Bdisp_ReadArea_DD
                                  00302138       132   func ,g         * 
FILE=timer
                                  0030226c  0030236b       100
  _GetSDKLibraryVersion
                                  0030226c         6   func ,g         * 
  _SetTimer
                                  00302272        54   func ,g         * 
  _KillTimer
                                  003022c6        44   func ,g         * 
  _Sleep
                                  0030230a        62   func ,g         * 
FILE=__divls
                                  0030236c  0030241f        b4
  __divls
                                  0030236c         0   none ,g         * 
  divls_zero
                                  0030240a         0   none ,l         * 
  A_errno
                                  00302418         0   none ,l         * 
  n_zerono
                                  0030241c         0   none ,l         * 
FILE=__modls
                                  00302420  003024e7        c8
  __modls
                                  00302420         0   none ,g         * 
  modls_L
                                  003024c6         0   none ,l         * 
  modls_zero
                                  003024d2         0   none ,l         * 
  A_errno
                                  003024e0         0   none ,l         * 
  n_zerono
                                  003024e4         0   none ,l         * 
FILE=_Bcre_cychdr
                                  003024e8  003024f7        10
  _Bcre_cychdr
                                  003024e8         0   none ,g         * 
FILE=_BSrl_DummyWAIT
                                  003024f8  00302507        10
  _BSrl_DummyWAIT
                                  003024f8         0   none ,g         * 
FILE=_Bsta_cychdr
                                  00302508  00302517        10
  _Bsta_cychdr
                                  00302508         0   none ,g         * 
FILE=_Bstp_cychdr
                                  00302518  00302527        10
  _Bstp_cychdr
                                  00302518         0   none ,g         * 
FILE=_DD_GET
                                  00302528  00302537        10
  _DD_GET
                                  00302528         0   none ,g         * 
FILE=_locate
                                  00302538  00302547        10
  _locate_OS
                                  00302538         0   none ,g         * 
FILE=_PrintMiniSd
                                  00302548  00302557        10
  _PrintMiniSd
                                  00302548         0   none ,g         * 

SECTION=C
FILE=addin_sct
                                  00303640  00303653        14
  _B_BGN
                                  00303640         0   none ,g         * 
  _B_END
                                  00303644         0   none ,g         * 
  _R_BGN
                                  00303648         0   none ,g         * 
  _R_END
                                  0030364c         0   none ,g         * 
  _D_ROM
                                  00303650         0   none ,g         * 

SECTION=B_BR_Size
FILE=C:\Users\Luca\Desktop\Abschlussprüfung\Debug\15062020.obj
                                  08100000  08100003         4
  _BR_Size
                                  08100000         4   data ,g         * 

SECTION=B
FILE=_errno
                                  08100004  08100007         4
  __errno
                                  08100004         4   data ,g         * 

SECTION=R
FILE=C:\Users\Luca\Desktop\Abschlussprüfung\Debug\15062020.obj
                                  08100008  0810000b         4
  _drmCheck
                                  08100008         4   data ,g         * 
FILE=C:\Program Files\CASIO\fx-9860G SDK\OS\FX\lib\setup.obj
                                  0810000c  0810000f         4
  _gb_OnAppClose
                                  0810000c         4   data ,g         * 

Absolute value symbols
FILE=_Bdel_cychdr
  __JumpTableTOP
                                  80010070         0   none ,l         * 
FILE=_Bdisp_AllClr_DDVRAM
  __JumpTableTOP
                                  80010070         0   none ,l         * 
FILE=_BfileFLS_CloseFile
  __JumpTableTOP
                                  80010070         0   none ,l         * 
FILE=_Bkey_Set_RepeatTime_Default
  __JumpTableTOP
                                  80010070         0   none ,l         * 
FILE=_CallbackAtQuitMainFunction
  __JumpTableTOP
                                  80010070         0   none ,l         * 
FILE=_flsFindClose
  __JumpTableTOP
                                  80010070         0   none ,l         * 
FILE=_getkey
  __JumpTableTOP
                                  80010070         0   none ,l         * 
FILE=_GLibAddinAplExecutionCheck
  __JumpTableTOP
                                  80010070         0   none ,l         * 
FILE=_Hmem_SetMMU
  __JumpTableTOP
                                  80010070         0   none ,l         * 
FILE=_Print
  __JumpTableTOP
                                  80010070         0   none ,l         * 
FILE=__divls
  zerodiv
                                  0000044e         0   none ,l         * 
FILE=__modls
  zerodiv
                                  0000044e         0   none ,l         * 
FILE=_Bcre_cychdr
  __JumpTableTOP
                                  80010070         0   none ,l         * 
FILE=_BSrl_DummyWAIT
  __JumpTableTOP
                                  80010070         0   none ,l         * 
FILE=_Bsta_cychdr
  __JumpTableTOP
                                  80010070         0   none ,l         * 
FILE=_Bstp_cychdr
  __JumpTableTOP
                                  80010070         0   none ,l         * 
FILE=_DD_GET
  __JumpTableTOP
                                  80010070         0   none ,l         * 
FILE=_locate
  __JumpTableTOP
                                  80010070         0   none ,l         * 
FILE=_PrintMiniSd
  __JumpTableTOP
                                  80010070         0   none ,l         * 

*** Delete Symbols ***

SYMBOL                                SIZE    INFO

*** Variable Accessible with Abs8 ***

SYMBOL                                SIZE    COUNTS  OPTIMIZE

*** Variable Accessible with Abs16 ***

SYMBOL                                SIZE    COUNTS  OPTIMIZE

*** Function Call ***

SYMBOL                              COUNTS  OPTIMIZE
